
/home/runner/work/exp-ferrous-ammonium-strength-iitr/exp-ferrous-ammonium-strength-iitr/experiment/simulation/js/3and4KMno4.js
    3:13   warning  'image2' is defined but never used                        no-unused-vars
   13:40   warning  'img3yimg3w' is defined but never used                    no-unused-vars
   19:5    warning  'animationInProgress' is assigned a value but never used  no-unused-vars
   24:5    warning  'gif' is defined but never used                           no-unused-vars
   25:5    warning  'blinking' is assigned a value but never used             no-unused-vars
   52:7    warning  'noStroke' is not defined                                 no-undef
   53:7    warning  'fill' is not defined                                     no-undef
   54:7    warning  'ellipse' is not defined                                  no-undef
   59:10   warning  'preload' is defined but never used                       no-unused-vars
   62:12   warning  'loadImage' is not defined                                no-undef
   63:3    warning  'img' is not defined                                      no-undef
   63:9    warning  'loadImage' is not defined                                no-undef
   64:11   warning  'loadImage' is not defined                                no-undef
   65:3    warning  'image3' is not defined                                   no-undef
   65:12   warning  'loadImage' is not defined                                no-undef
   66:3    warning  'frontflask' is not defined                               no-undef
   66:16   warning  'loadImage' is not defined                                no-undef
   67:3    warning  'liquid' is not defined                                   no-undef
   67:12   warning  'loadImage' is not defined                                no-undef
   68:3    warning  'nextimg' is not defined                                  no-undef
   68:13   warning  'loadImage' is not defined                                no-undef
   69:3    warning  'gif1' is not defined                                     no-undef
   69:10   warning  'createImg' is not defined                                no-undef
   70:3    warning  'gif2' is not defined                                     no-undef
   70:10   warning  'createImg' is not defined                                no-undef
   71:3    warning  'gif3' is not defined                                     no-undef
   71:10   warning  'createImg' is not defined                                no-undef
   72:3    warning  'gif4' is not defined                                     no-undef
   72:10   warning  'createImg' is not defined                                no-undef
   74:3    warning  'gif1' is not defined                                     no-undef
   75:3    warning  'gif2' is not defined                                     no-undef
   76:3    warning  'gif3' is not defined                                     no-undef
   77:3    warning  'gif4' is not defined                                     no-undef
   80:3    warning  'gif1' is not defined                                     no-undef
   81:3    warning  'gif2' is not defined                                     no-undef
   82:3    warning  'gif3' is not defined                                     no-undef
   83:3    warning  'gif4' is not defined                                     no-undef
   86:10   warning  'setup' is defined but never used                         no-unused-vars
   88:11   warning  'createCanvas' is not defined                             no-undef
   90:3    warning  'gif1' is not defined                                     no-undef
   91:3    warning  'gif2' is not defined                                     no-undef
   92:3    warning  'gif3' is not defined                                     no-undef
   93:3    warning  'gif4' is not defined                                     no-undef
   97:16   warning  'img3y' is not defined                                    no-undef
   97:29   warning  'img3w' is not defined                                    no-undef
  104:3    warning  'gif1' is not defined                                     no-undef
  115:16   warning  'createVector' is not defined                             no-undef
  123:18   warning  'createVector' is not defined                             no-undef
  123:38   warning  'img3y' is not defined                                    no-undef
  132:10   warning  'draw' is defined but never used                          no-unused-vars
  135:6    warning  'gif1' is not defined                                     no-undef
  136:3    warning  'gif2' is not defined                                     no-undef
  137:3    warning  'gif3' is not defined                                     no-undef
  138:3    warning  'gif4' is not defined                                     no-undef
  140:3    warning  'background' is not defined                               no-undef
  148:3    warning  'push' is not defined                                     no-undef
  150:5    warning  'tint' is not defined                                     no-undef
  152:3    warning  'image' is not defined                                    no-undef
  152:9    warning  'liquid' is not defined                                   no-undef
  153:3    warning  'pop' is not defined                                      no-undef
  154:3    warning  'image' is not defined                                    no-undef
  154:9    warning  'frontflask' is not defined                               no-undef
  159:7    warning  'millis' is not defined                                   no-undef
  161:5    warning  'image' is not defined                                    no-undef
  161:11   warning  'nextimg' is not defined                                  no-undef
  171:5    warning  'noStroke' is not defined                                 no-undef
  172:5    warning  'rect' is not defined                                     no-undef
  173:5    warning  'fill' is not defined                                     no-undef
  200:5    warning  'image' is not defined                                    no-undef
  200:11   warning  'image3' is not defined                                   no-undef
  200:55   warning  'img3w' is not defined                                    no-undef
  221:5    warning  'image' is not defined                                    no-undef
  221:11   warning  'image3' is not defined                                   no-undef
  221:55   warning  'img3w' is not defined                                    no-undef
  228:7    warning  'img3y' is not defined                                    no-undef
  232:7    warning  'gif3' is not defined                                     no-undef
  249:5    warning  'image' is not defined                                    no-undef
  249:11   warning  'image3' is not defined                                   no-undef
  249:55   warning  'img3w' is not defined                                    no-undef
  271:5    warning  'image' is not defined                                    no-undef
  271:11   warning  'image3' is not defined                                   no-undef
  271:55   warning  'img3w' is not defined                                    no-undef
  281:7    warning  'img3y' is not defined                                    no-undef
  285:7    warning  'gif4' is not defined                                     no-undef
  292:7    warning  'image' is not defined                                    no-undef
  292:13   warning  'image3' is not defined                                   no-undef
  292:53   warning  'img3w' is not defined                                    no-undef
  296:7    warning  'image' is not defined                                    no-undef
  296:13   warning  'image3' is not defined                                   no-undef
  296:51   warning  'img3w' is not defined                                    no-undef
  303:3    warning  'image' is not defined                                    no-undef
  315:5    warning  'image' is not defined                                    no-undef
  315:11   warning  'img' is not defined                                      no-undef
  336:5    warning  'image' is not defined                                    no-undef
  336:11   warning  'img' is not defined                                      no-undef
  346:7    warning  'gif2' is not defined                                     no-undef
  353:5    warning  'image' is not defined                                    no-undef
  353:11   warning  'img' is not defined                                      no-undef
  363:10   warning  'mousePressed' is defined but never used                  no-unused-vars
  365:7    warning  'mouseX' is not defined                                   no-undef
  365:37   warning  'mouseX' is not defined                                   no-undef
  365:63   warning  'mouseY' is not defined                                   no-undef
  365:93   warning  'mouseY' is not defined                                   no-undef
  371:7    warning  'mouseX' is not defined                                   no-undef
  371:24   warning  'img3w' is not defined                                    no-undef
  371:37   warning  'mouseX' is not defined                                   no-undef
  371:54   warning  'img3w' is not defined                                    no-undef
  371:63   warning  'mouseY' is not defined                                   no-undef
  371:72   warning  'img3y' is not defined                                    no-undef
  371:93   warning  'mouseY' is not defined                                   no-undef
  371:102  warning  'img3y' is not defined                                    no-undef
  376:7    warning  'mouseX' is not defined                                   no-undef
  376:35   warning  'mouseX' is not defined                                   no-undef
  376:59   warning  'mouseY' is not defined                                   no-undef
  376:87   warning  'mouseY' is not defined                                   no-undef
  382:3    warning  'gif1' is not defined                                     no-undef
  386:16   warning  'createVector' is not defined                             no-undef
  387:17   warning  'createVector' is not defined                             no-undef
  395:3    warning  'gif2' is not defined                                     no-undef
  400:18   warning  'createVector' is not defined                             no-undef
  401:19   warning  'createVector' is not defined                             no-undef
  407:5    warning  'gif3' is not defined                                     no-undef
  413:19   warning  'createVector' is not defined                             no-undef
  414:20   warning  'createVector' is not defined                             no-undef
  419:5    warning  'gif4' is not defined                                     no-undef

/home/runner/work/exp-ferrous-ammonium-strength-iitr/exp-ferrous-ammonium-strength-iitr/experiment/simulation/js/3and4KMno422.js
    3:13   warning  'image2' is defined but never used                        no-unused-vars
   13:40   warning  'img3yimg3w' is defined but never used                    no-unused-vars
   19:5    warning  'animationInProgress' is assigned a value but never used  no-unused-vars
   24:5    warning  'gif' is defined but never used                           no-unused-vars
   25:5    warning  'blinking' is assigned a value but never used             no-unused-vars
   51:7    warning  'noStroke' is not defined                                 no-undef
   52:7    warning  'fill' is not defined                                     no-undef
   53:7    warning  'ellipse' is not defined                                  no-undef
   58:10   warning  'preload' is defined but never used                       no-unused-vars
   60:12   warning  'loadImage' is not defined                                no-undef
   61:3    warning  'img' is not defined                                      no-undef
   61:9    warning  'loadImage' is not defined                                no-undef
   62:11   warning  'loadImage' is not defined                                no-undef
   63:3    warning  'image3' is not defined                                   no-undef
   63:12   warning  'loadImage' is not defined                                no-undef
   64:3    warning  'frontflask' is not defined                               no-undef
   64:16   warning  'loadImage' is not defined                                no-undef
   65:3    warning  'liquid' is not defined                                   no-undef
   65:12   warning  'loadImage' is not defined                                no-undef
   66:3    warning  'nextimg' is not defined                                  no-undef
   66:13   warning  'loadImage' is not defined                                no-undef
   67:3    warning  'gif1' is not defined                                     no-undef
   67:10   warning  'createImg' is not defined                                no-undef
   68:3    warning  'gif2' is not defined                                     no-undef
   68:10   warning  'createImg' is not defined                                no-undef
   69:3    warning  'gif3' is not defined                                     no-undef
   69:10   warning  'createImg' is not defined                                no-undef
   70:3    warning  'gif4' is not defined                                     no-undef
   70:10   warning  'createImg' is not defined                                no-undef
   71:3    warning  'plantGIF' is not defined                                 no-undef
   71:14   warning  'createImg' is not defined                                no-undef
   73:3    warning  'gif1' is not defined                                     no-undef
   74:3    warning  'gif2' is not defined                                     no-undef
   75:3    warning  'gif3' is not defined                                     no-undef
   76:3    warning  'gif4' is not defined                                     no-undef
   77:3    warning  'plantGIF' is not defined                                 no-undef
   80:3    warning  'gif1' is not defined                                     no-undef
   81:3    warning  'gif2' is not defined                                     no-undef
   82:3    warning  'gif3' is not defined                                     no-undef
   83:3    warning  'gif4' is not defined                                     no-undef
   86:10   warning  'setup' is defined but never used                         no-unused-vars
   88:11   warning  'createCanvas' is not defined                             no-undef
   90:3    warning  'gif1' is not defined                                     no-undef
   91:3    warning  'gif2' is not defined                                     no-undef
   92:3    warning  'gif3' is not defined                                     no-undef
   93:3    warning  'gif4' is not defined                                     no-undef
   94:3    warning  'plantGIF' is not defined                                 no-undef
   97:16   warning  'img3y' is not defined                                    no-undef
   97:29   warning  'img3w' is not defined                                    no-undef
  104:3    warning  'gif1' is not defined                                     no-undef
  115:16   warning  'createVector' is not defined                             no-undef
  123:18   warning  'createVector' is not defined                             no-undef
  123:38   warning  'img3y' is not defined                                    no-undef
  132:10   warning  'draw' is defined but never used                          no-unused-vars
  135:6    warning  'gif1' is not defined                                     no-undef
  136:3    warning  'gif2' is not defined                                     no-undef
  137:3    warning  'gif3' is not defined                                     no-undef
  138:3    warning  'gif4' is not defined                                     no-undef
  139:3    warning  'plantGIF' is not defined                                 no-undef
  141:3    warning  'background' is not defined                               no-undef
  149:3    warning  'push' is not defined                                     no-undef
  151:5    warning  'tint' is not defined                                     no-undef
  153:3    warning  'image' is not defined                                    no-undef
  153:9    warning  'liquid' is not defined                                   no-undef
  154:3    warning  'pop' is not defined                                      no-undef
  155:3    warning  'image' is not defined                                    no-undef
  155:9    warning  'frontflask' is not defined                               no-undef
  160:7    warning  'millis' is not defined                                   no-undef
  162:5    warning  'image' is not defined                                    no-undef
  162:11   warning  'nextimg' is not defined                                  no-undef
  172:5    warning  'noStroke' is not defined                                 no-undef
  173:5    warning  'rect' is not defined                                     no-undef
  174:5    warning  'fill' is not defined                                     no-undef
  201:5    warning  'image' is not defined                                    no-undef
  201:11   warning  'image3' is not defined                                   no-undef
  201:55   warning  'img3w' is not defined                                    no-undef
  222:5    warning  'image' is not defined                                    no-undef
  222:11   warning  'image3' is not defined                                   no-undef
  222:55   warning  'img3w' is not defined                                    no-undef
  229:7    warning  'img3y' is not defined                                    no-undef
  233:7    warning  'gif3' is not defined                                     no-undef
  250:5    warning  'image' is not defined                                    no-undef
  250:11   warning  'image3' is not defined                                   no-undef
  250:55   warning  'img3w' is not defined                                    no-undef
  272:5    warning  'image' is not defined                                    no-undef
  272:11   warning  'image3' is not defined                                   no-undef
  272:55   warning  'img3w' is not defined                                    no-undef
  282:7    warning  'img3y' is not defined                                    no-undef
  286:7    warning  'gif4' is not defined                                     no-undef
  293:7    warning  'image' is not defined                                    no-undef
  293:13   warning  'image3' is not defined                                   no-undef
  293:53   warning  'img3w' is not defined                                    no-undef
  297:7    warning  'image' is not defined                                    no-undef
  297:13   warning  'image3' is not defined                                   no-undef
  297:51   warning  'img3w' is not defined                                    no-undef
  304:3    warning  'image' is not defined                                    no-undef
  316:5    warning  'image' is not defined                                    no-undef
  316:11   warning  'img' is not defined                                      no-undef
  337:5    warning  'image' is not defined                                    no-undef
  337:11   warning  'img' is not defined                                      no-undef
  347:7    warning  'gif2' is not defined                                     no-undef
  354:5    warning  'image' is not defined                                    no-undef
  354:11   warning  'img' is not defined                                      no-undef
  364:10   warning  'mousePressed' is defined but never used                  no-unused-vars
  366:7    warning  'mouseX' is not defined                                   no-undef
  366:37   warning  'mouseX' is not defined                                   no-undef
  366:63   warning  'mouseY' is not defined                                   no-undef
  366:93   warning  'mouseY' is not defined                                   no-undef
  372:7    warning  'mouseX' is not defined                                   no-undef
  372:24   warning  'img3w' is not defined                                    no-undef
  372:37   warning  'mouseX' is not defined                                   no-undef
  372:54   warning  'img3w' is not defined                                    no-undef
  372:63   warning  'mouseY' is not defined                                   no-undef
  372:72   warning  'img3y' is not defined                                    no-undef
  372:93   warning  'mouseY' is not defined                                   no-undef
  372:102  warning  'img3y' is not defined                                    no-undef
  377:7    warning  'mouseX' is not defined                                   no-undef
  377:35   warning  'mouseX' is not defined                                   no-undef
  377:59   warning  'mouseY' is not defined                                   no-undef
  377:87   warning  'mouseY' is not defined                                   no-undef
  383:3    warning  'gif1' is not defined                                     no-undef
  387:16   warning  'createVector' is not defined                             no-undef
  388:17   warning  'createVector' is not defined                             no-undef
  396:3    warning  'gif2' is not defined                                     no-undef
  401:18   warning  'createVector' is not defined                             no-undef
  402:19   warning  'createVector' is not defined                             no-undef
  408:5    warning  'gif3' is not defined                                     no-undef
  414:19   warning  'createVector' is not defined                             no-undef
  415:20   warning  'createVector' is not defined                             no-undef
  420:5    warning  'gif4' is not defined                                     no-undef

/home/runner/work/exp-ferrous-ammonium-strength-iitr/exp-ferrous-ammonium-strength-iitr/experiment/simulation/js/Mainfile.js
    7:5   warning  'equivalencePointVolume' is defined but never used      no-unused-vars
    8:5   warning  'titrationFinished' is assigned a value but never used  no-unused-vars
   28:5   warning  'croppedImg' is defined but never used                  no-unused-vars
   29:5   warning  'gifImage' is defined but never used                    no-unused-vars
   42:5   warning  'ex2one' is assigned a value but never used             no-unused-vars
   43:5   warning  'exone' is assigned a value but never used              no-unused-vars
   46:3   warning  Unnecessary semicolon                                   no-extra-semi
   54:5   warning  'waterlevel' is assigned a value but never used         no-unused-vars
   66:5   warning  'shownext' is assigned a value but never used           no-unused-vars
   67:5   warning  'blinking' is assigned a value but never used           no-unused-vars
   68:5   warning  'blinkInterval' is assigned a value but never used      no-unused-vars
   75:10  warning  'preload' is defined but never used                     no-unused-vars
   76:15  warning  'loadImage' is not defined                              no-undef
   77:16  warning  'loadImage' is not defined                              no-undef
   78:14  warning  'loadImage' is not defined                              no-undef
   79:15  warning  'loadImage' is not defined                              no-undef
   82:21  warning  'loadImage' is not defined                              no-undef
  103:15  warning  'select' is not defined                                 no-undef
  106:6   warning  'windowWidth' is not defined                            no-undef
  112:12  warning  'createCanvas' is not defined                           no-undef
  120:3   warning  'background' is not defined                             no-undef
  122:3   warning  'slider1' is not defined                                no-undef
  122:13  warning  'select' is not defined                                 no-undef
  123:3   warning  'slider2' is not defined                                no-undef
  123:13  warning  'select' is not defined                                 no-undef
  124:3   warning  'slider3' is not defined                                no-undef
  124:13  warning  'select' is not defined                                 no-undef
  126:3   warning  'slider1' is not defined                                no-undef
  127:3   warning  'slider2' is not defined                                no-undef
  128:3   warning  'slider3' is not defined                                no-undef
  131:23  warning  'slider2' is not defined                                no-undef
  132:20  warning  'slider3' is not defined                                no-undef
  134:24  warning  'color' is not defined                                  no-undef
  138:12  warning  'width' is not defined                                  no-undef
  139:12  warning  'height' is not defined                                 no-undef
  146:16  warning  'color' is not defined                                  no-undef
  147:17  warning  'color' is not defined                                  no-undef
  168:17  warning  'color' is not defined                                  no-undef
  180:10  warning  'draw' is defined but never used                        no-unused-vars
  182:3   warning  'frameRate' is not defined                              no-undef
  185:12  warning  'slider1' is not defined                                no-undef
  186:3   warning  'background' is not defined                             no-undef
  190:5   warning  'noStroke' is not defined                               no-undef
  191:5   warning  'fill' is not defined                                   no-undef
  192:5   warning  'rect' is not defined                                   no-undef
  192:10  warning  'width' is not defined                                  no-undef
  192:68  warning  'random' is not defined                                 no-undef
  192:85  warning  'random' is not defined                                 no-undef
  196:6   warning  'slider3' is not defined                                no-undef
  197:24  warning  'slider3' is not defined                                no-undef
  222:3   warning  'noStroke' is not defined                               no-undef
  223:3   warning  'fill' is not defined                                   no-undef
  225:3   warning  'rect' is not defined                                   no-undef
  225:8   warning  'width' is not defined                                  no-undef
  226:3   warning  'push' is not defined                                   no-undef
  228:3   warning  'image' is not defined                                  no-undef
  228:20  warning  'width' is not defined                                  no-undef
  229:3   warning  'noStroke' is not defined                               no-undef
  230:3   warning  'pop' is not defined                                    no-undef
  232:5   warning  'noStroke' is not defined                               no-undef
  233:5   warning  'fill' is not defined                                   no-undef
  247:5   warning  'image' is not defined                                  no-undef
  248:5   warning  'image' is not defined                                  no-undef
  256:5   warning  'push' is not defined                                   no-undef
  257:5   warning  'tint' is not defined                                   no-undef
  260:7   warning  'image' is not defined                                  no-undef
  263:7   warning  'image' is not defined                                  no-undef
  267:5   warning  'pop' is not defined                                    no-undef
  288:35  warning  'floor' is not defined                                  no-undef
  306:10  warning  'mousePressed' is defined but never used                no-unused-vars
  309:20  warning  'dist' is not defined                                   no-undef
  309:25  warning  'mouseX' is not defined                                 no-undef
  309:33  warning  'mouseY' is not defined                                 no-undef
  315:19  warning  'dist' is not defined                                   no-undef
  315:24  warning  'mouseX' is not defined                                 no-undef
  315:32  warning  'mouseY' is not defined                                 no-undef
  321:7   warning  'mouseX' is not defined                                 no-undef
  321:35  warning  'mouseX' is not defined                                 no-undef
  321:59  warning  'mouseY' is not defined                                 no-undef
  321:87  warning  'mouseY' is not defined                                 no-undef
  322:5   warning  'nextpressed' is not defined                            no-undef
  326:10  warning  'mouseReleased' is defined but never used               no-unused-vars
  333:10  warning  'changeArrowStyleToPointer' is defined but never used   no-unused-vars
  334:3   warning  'nextButton' is not defined                             no-undef
  377:31  warning  'sin' is not defined                                    no-undef
  378:3   warning  'push' is not defined                                   no-undef
  382:3   warning  'translate' is not defined                              no-undef
  382:13  warning  'width' is not defined                                  no-undef
  383:3   warning  'rotate' is not defined                                 no-undef
  383:10  warning  'radians' is not defined                                no-undef
  384:3   warning  'image' is not defined                                  no-undef
  384:30  warning  'width' is not defined                                  no-undef
  394:3   warning  'push' is not defined                                   no-undef
  395:3   warning  'tint' is not defined                                   no-undef
  398:5   warning  'image' is not defined                                  no-undef
  398:23  warning  'width' is not defined                                  no-undef
  401:5   warning  'image' is not defined                                  no-undef
  401:31  warning  'width' is not defined                                  no-undef
  405:3   warning  'pop' is not defined                                    no-undef
  406:3   warning  'image' is not defined                                  no-undef
  406:28  warning  'width' is not defined                                  no-undef
  407:3   warning  'pop' is not defined                                    no-undef
  432:23  warning  'slider2' is not defined                                no-undef
  433:20  warning  'slider3' is not defined                                no-undef
  442:23  warning  'random' is not defined                                 no-undef
  450:3   warning  'slider2' is not defined                                no-undef
  451:3   warning  'slider3' is not defined                                no-undef
  461:26  warning  'random' is not defined                                 no-undef
  462:27  warning  'random' is not defined                                 no-undef
  463:3   warning  'frameRate' is not defined                              no-undef
  464:3   warning  'fill' is not defined                                   no-undef
  465:3   warning  'noStroke' is not defined                               no-undef
  466:33  warning  'random' is not defined                                 no-undef
  472:28  warning  'random' is not defined                                 no-undef
  473:29  warning  'random' is not defined                                 no-undef
  475:5   warning  'ellipse' is not defined                                no-undef
  479:10  warning  'calculateN1' is defined but never used                 no-unused-vars

/home/runner/work/exp-ferrous-ammonium-strength-iitr/exp-ferrous-ammonium-strength-iitr/experiment/simulation/js/Mainfile2.js
   15:5   warning  'equivalencePointVolume' is defined but never used      no-unused-vars
   16:5   warning  'titrationFinished' is assigned a value but never used  no-unused-vars
   36:5   warning  'croppedImg' is defined but never used                  no-unused-vars
   37:5   warning  'gifImage' is defined but never used                    no-unused-vars
   50:5   warning  'ex2one' is assigned a value but never used             no-unused-vars
   51:5   warning  'exone' is assigned a value but never used              no-unused-vars
   54:3   warning  Unnecessary semicolon                                   no-extra-semi
   62:5   warning  'waterlevel' is assigned a value but never used         no-unused-vars
   64:5   warning  'variation' is defined but never used                   no-unused-vars
   65:5   warning  'variation2' is defined but never used                  no-unused-vars
   66:5   warning  'size_vary' is defined but never used                   no-unused-vars
   67:5   warning  'size_vary2' is defined but never used                  no-unused-vars
   68:5   warning  'number' is assigned a value but never used             no-unused-vars
   76:5   warning  'blinking' is assigned a value but never used           no-unused-vars
   83:10  warning  'preload' is defined but never used                     no-unused-vars
   84:15  warning  'loadImage' is not defined                              no-undef
   85:16  warning  'loadImage' is not defined                              no-undef
   86:14  warning  'loadImage' is not defined                              no-undef
   87:15  warning  'loadImage' is not defined                              no-undef
   89:1   warning  'nextimg' is not defined                                no-undef
   89:11  warning  'loadImage' is not defined                              no-undef
   90:21  warning  'loadImage' is not defined                              no-undef
  111:15  warning  'select' is not defined                                 no-undef
  114:6   warning  'windowWidth' is not defined                            no-undef
  120:12  warning  'createCanvas' is not defined                           no-undef
  128:3   warning  'background' is not defined                             no-undef
  130:3   warning  'slider1' is not defined                                no-undef
  130:13  warning  'select' is not defined                                 no-undef
  138:3   warning  'slider1' is not defined                                no-undef
  146:24  warning  'color' is not defined                                  no-undef
  150:12  warning  'width' is not defined                                  no-undef
  151:12  warning  'height' is not defined                                 no-undef
  158:16  warning  'color' is not defined                                  no-undef
  159:17  warning  'color' is not defined                                  no-undef
  192:10  warning  'draw' is defined but never used                        no-unused-vars
  194:3   warning  'frameRate' is not defined                              no-undef
  197:12  warning  'slider1' is not defined                                no-undef
  198:3   warning  'background' is not defined                             no-undef
  202:5   warning  'noStroke' is not defined                               no-undef
  203:5   warning  'fill' is not defined                                   no-undef
  204:5   warning  'rect' is not defined                                   no-undef
  204:10  warning  'width' is not defined                                  no-undef
  204:68  warning  'random' is not defined                                 no-undef
  204:85  warning  'random' is not defined                                 no-undef
  228:3   warning  'noStroke' is not defined                               no-undef
  229:3   warning  'fill' is not defined                                   no-undef
  231:3   warning  'rect' is not defined                                   no-undef
  231:8   warning  'width' is not defined                                  no-undef
  232:3   warning  'push' is not defined                                   no-undef
  234:3   warning  'image' is not defined                                  no-undef
  234:20  warning  'width' is not defined                                  no-undef
  235:3   warning  'noStroke' is not defined                               no-undef
  236:3   warning  'pop' is not defined                                    no-undef
  238:5   warning  'noStroke' is not defined                               no-undef
  239:5   warning  'fill' is not defined                                   no-undef
  253:5   warning  'image' is not defined                                  no-undef
  254:5   warning  'image' is not defined                                  no-undef
  262:5   warning  'push' is not defined                                   no-undef
  263:5   warning  'tint' is not defined                                   no-undef
  266:7   warning  'image' is not defined                                  no-undef
  269:7   warning  'image' is not defined                                  no-undef
  273:5   warning  'pop' is not defined                                    no-undef
  294:35  warning  'floor' is not defined                                  no-undef
  296:33  warning  'floor' is not defined                                  no-undef
  305:9   warning  'millis' is not defined                                 no-undef
  307:7   warning  'image' is not defined                                  no-undef
  307:13  warning  'nextimg' is not defined                                no-undef
  314:10  warning  'mousePressed' is defined but never used                no-unused-vars
  317:20  warning  'dist' is not defined                                   no-undef
  317:25  warning  'mouseX' is not defined                                 no-undef
  317:33  warning  'mouseY' is not defined                                 no-undef
  323:19  warning  'dist' is not defined                                   no-undef
  323:24  warning  'mouseX' is not defined                                 no-undef
  323:32  warning  'mouseY' is not defined                                 no-undef
  329:7   warning  'mouseX' is not defined                                 no-undef
  329:35  warning  'mouseX' is not defined                                 no-undef
  329:59  warning  'mouseY' is not defined                                 no-undef
  329:87  warning  'mouseY' is not defined                                 no-undef
  334:10  warning  'mouseReleased' is defined but never used               no-unused-vars
  341:10  warning  'changeArrowStyleToPointer' is defined but never used   no-unused-vars
  342:3   warning  'nextButton' is not defined                             no-undef
  381:31  warning  'sin' is not defined                                    no-undef
  382:3   warning  'push' is not defined                                   no-undef
  386:3   warning  'translate' is not defined                              no-undef
  386:13  warning  'width' is not defined                                  no-undef
  387:3   warning  'rotate' is not defined                                 no-undef
  387:10  warning  'radians' is not defined                                no-undef
  388:3   warning  'image' is not defined                                  no-undef
  388:30  warning  'width' is not defined                                  no-undef
  398:3   warning  'push' is not defined                                   no-undef
  399:3   warning  'tint' is not defined                                   no-undef
  402:5   warning  'image' is not defined                                  no-undef
  402:23  warning  'width' is not defined                                  no-undef
  405:5   warning  'image' is not defined                                  no-undef
  405:31  warning  'width' is not defined                                  no-undef
  409:3   warning  'pop' is not defined                                    no-undef
  410:3   warning  'image' is not defined                                  no-undef
  410:28  warning  'width' is not defined                                  no-undef
  411:3   warning  'pop' is not defined                                    no-undef
  445:23  warning  'random' is not defined                                 no-undef
  453:3   warning  'slider2' is not defined                                no-undef
  454:3   warning  'slider3' is not defined                                no-undef

/home/runner/work/exp-ferrous-ammonium-strength-iitr/exp-ferrous-ammonium-strength-iitr/experiment/simulation/js/Phenoptaline.js
    3:13   warning  'image2' is defined but never used                        no-unused-vars
   13:40   warning  'img3yimg3w' is defined but never used                    no-unused-vars
   18:5    warning  'animationInProgress' is assigned a value but never used  no-unused-vars
   23:5    warning  'gif' is defined but never used                           no-unused-vars
   24:5    warning  'blinking' is assigned a value but never used             no-unused-vars
   50:7    warning  'noStroke' is not defined                                 no-undef
   51:7    warning  'fill' is not defined                                     no-undef
   52:7    warning  'ellipse' is not defined                                  no-undef
   57:10   warning  'preload' is defined but never used                       no-unused-vars
   59:12   warning  'loadImage' is not defined                                no-undef
   60:3    warning  'img' is not defined                                      no-undef
   60:9    warning  'loadImage' is not defined                                no-undef
   61:11   warning  'loadImage' is not defined                                no-undef
   62:3    warning  'image3' is not defined                                   no-undef
   62:12   warning  'loadImage' is not defined                                no-undef
   63:3    warning  'frontflask' is not defined                               no-undef
   63:16   warning  'loadImage' is not defined                                no-undef
   64:3    warning  'liquid' is not defined                                   no-undef
   64:12   warning  'loadImage' is not defined                                no-undef
   65:3    warning  'ice' is not defined                                      no-undef
   65:9    warning  'loadImage' is not defined                                no-undef
   66:3    warning  'nextimg' is not defined                                  no-undef
   66:13   warning  'loadImage' is not defined                                no-undef
   67:3    warning  'gif1' is not defined                                     no-undef
   67:10   warning  'createImg' is not defined                                no-undef
   68:3    warning  'gif2' is not defined                                     no-undef
   68:10   warning  'createImg' is not defined                                no-undef
   69:3    warning  'gif3' is not defined                                     no-undef
   69:10   warning  'createImg' is not defined                                no-undef
   70:3    warning  'gif4' is not defined                                     no-undef
   70:10   warning  'createImg' is not defined                                no-undef
   72:3    warning  'gif1' is not defined                                     no-undef
   73:3    warning  'gif2' is not defined                                     no-undef
   74:3    warning  'gif3' is not defined                                     no-undef
   75:3    warning  'gif4' is not defined                                     no-undef
   78:3    warning  'gif1' is not defined                                     no-undef
   79:3    warning  'gif2' is not defined                                     no-undef
   80:3    warning  'gif3' is not defined                                     no-undef
   81:3    warning  'gif4' is not defined                                     no-undef
   84:10   warning  'setup' is defined but never used                         no-unused-vars
   86:14   warning  'createCanvas' is not defined                             no-undef
   88:3    warning  'gif1' is not defined                                     no-undef
   89:3    warning  'gif2' is not defined                                     no-undef
   90:3    warning  'gif3' is not defined                                     no-undef
   91:3    warning  'gif4' is not defined                                     no-undef
   96:16   warning  'img3y' is not defined                                    no-undef
   96:29   warning  'img3w' is not defined                                    no-undef
  100:3    warning  'gif1' is not defined                                     no-undef
  103:3    warning  'gif1' is not defined                                     no-undef
  104:3    warning  'gif2' is not defined                                     no-undef
  105:3    warning  'gif3' is not defined                                     no-undef
  106:3    warning  'gif4' is not defined                                     no-undef
  114:16   warning  'createVector' is not defined                             no-undef
  122:18   warning  'createVector' is not defined                             no-undef
  122:38   warning  'img3y' is not defined                                    no-undef
  131:10   warning  'draw' is defined but never used                          no-unused-vars
  131:43   warning  'mouseX' is not defined                                   no-undef
  131:67   warning  'mouseY' is not defined                                   no-undef
  133:3    warning  'background' is not defined                               no-undef
  141:3    warning  'push' is not defined                                     no-undef
  143:5    warning  'tint' is not defined                                     no-undef
  145:3    warning  'image' is not defined                                    no-undef
  145:9    warning  'liquid' is not defined                                   no-undef
  146:3    warning  'image' is not defined                                    no-undef
  146:9    warning  'ice' is not defined                                      no-undef
  147:3    warning  'pop' is not defined                                      no-undef
  148:3    warning  'image' is not defined                                    no-undef
  148:9    warning  'frontflask' is not defined                               no-undef
  153:7    warning  'millis' is not defined                                   no-undef
  155:5    warning  'image' is not defined                                    no-undef
  155:11   warning  'nextimg' is not defined                                  no-undef
  165:5    warning  'noStroke' is not defined                                 no-undef
  166:5    warning  'rect' is not defined                                     no-undef
  167:5    warning  'fill' is not defined                                     no-undef
  194:5    warning  'image' is not defined                                    no-undef
  194:11   warning  'image3' is not defined                                   no-undef
  194:55   warning  'img3w' is not defined                                    no-undef
  215:5    warning  'image' is not defined                                    no-undef
  215:11   warning  'image3' is not defined                                   no-undef
  215:55   warning  'img3w' is not defined                                    no-undef
  222:7    warning  'img3y' is not defined                                    no-undef
  226:7    warning  'gif3' is not defined                                     no-undef
  243:5    warning  'image' is not defined                                    no-undef
  243:11   warning  'image3' is not defined                                   no-undef
  243:55   warning  'img3w' is not defined                                    no-undef
  265:5    warning  'image' is not defined                                    no-undef
  265:11   warning  'image3' is not defined                                   no-undef
  265:55   warning  'img3w' is not defined                                    no-undef
  275:7    warning  'img3y' is not defined                                    no-undef
  279:7    warning  'gif4' is not defined                                     no-undef
  286:7    warning  'image' is not defined                                    no-undef
  286:13   warning  'image3' is not defined                                   no-undef
  286:53   warning  'img3w' is not defined                                    no-undef
  290:7    warning  'image' is not defined                                    no-undef
  290:13   warning  'image3' is not defined                                   no-undef
  290:51   warning  'img3w' is not defined                                    no-undef
  297:3    warning  'image' is not defined                                    no-undef
  309:5    warning  'image' is not defined                                    no-undef
  309:11   warning  'img' is not defined                                      no-undef
  330:5    warning  'image' is not defined                                    no-undef
  330:11   warning  'img' is not defined                                      no-undef
  340:7    warning  'gif2' is not defined                                     no-undef
  347:5    warning  'image' is not defined                                    no-undef
  347:11   warning  'img' is not defined                                      no-undef
  357:10   warning  'mousePressed' is defined but never used                  no-unused-vars
  359:7    warning  'mouseX' is not defined                                   no-undef
  359:37   warning  'mouseX' is not defined                                   no-undef
  359:63   warning  'mouseY' is not defined                                   no-undef
  359:93   warning  'mouseY' is not defined                                   no-undef
  365:7    warning  'mouseX' is not defined                                   no-undef
  365:24   warning  'img3w' is not defined                                    no-undef
  365:37   warning  'mouseX' is not defined                                   no-undef
  365:54   warning  'img3w' is not defined                                    no-undef
  365:63   warning  'mouseY' is not defined                                   no-undef
  365:72   warning  'img3y' is not defined                                    no-undef
  365:93   warning  'mouseY' is not defined                                   no-undef
  365:102  warning  'img3y' is not defined                                    no-undef
  370:7    warning  'mouseX' is not defined                                   no-undef
  370:35   warning  'mouseX' is not defined                                   no-undef
  370:59   warning  'mouseY' is not defined                                   no-undef
  370:87   warning  'mouseY' is not defined                                   no-undef
  376:3    warning  'gif1' is not defined                                     no-undef
  380:16   warning  'createVector' is not defined                             no-undef
  381:17   warning  'createVector' is not defined                             no-undef
  389:3    warning  'gif2' is not defined                                     no-undef
  394:18   warning  'createVector' is not defined                             no-undef
  395:19   warning  'createVector' is not defined                             no-undef
  401:5    warning  'gif3' is not defined                                     no-undef
  407:19   warning  'createVector' is not defined                             no-undef
  408:20   warning  'createVector' is not defined                             no-undef
  413:5    warning  'gif4' is not defined                                     no-undef

/home/runner/work/exp-ferrous-ammonium-strength-iitr/exp-ferrous-ammonium-strength-iitr/experiment/simulation/js/Starthtml3.js
    3:13   warning  'image2' is defined but never used                        no-unused-vars
   13:40   warning  'img3yimg3w' is defined but never used                    no-unused-vars
   18:5    warning  'animationInProgress' is assigned a value but never used  no-unused-vars
   23:5    warning  'gif' is defined but never used                           no-unused-vars
   24:5    warning  'blinking' is assigned a value but never used             no-unused-vars
   50:7    warning  'noStroke' is not defined                                 no-undef
   51:7    warning  'fill' is not defined                                     no-undef
   52:7    warning  'ellipse' is not defined                                  no-undef
   57:10   warning  'preload' is defined but never used                       no-unused-vars
   59:12   warning  'loadImage' is not defined                                no-undef
   60:3    warning  'img' is not defined                                      no-undef
   60:9    warning  'loadImage' is not defined                                no-undef
   61:11   warning  'loadImage' is not defined                                no-undef
   62:3    warning  'image3' is not defined                                   no-undef
   62:12   warning  'loadImage' is not defined                                no-undef
   63:3    warning  'frontflask' is not defined                               no-undef
   63:16   warning  'loadImage' is not defined                                no-undef
   64:3    warning  'liquid' is not defined                                   no-undef
   64:12   warning  'loadImage' is not defined                                no-undef
   65:3    warning  'Coolent' is not defined                                  no-undef
   65:13   warning  'loadImage' is not defined                                no-undef
   66:3    warning  'nextimg' is not defined                                  no-undef
   66:13   warning  'loadImage' is not defined                                no-undef
   67:3    warning  'gif1' is not defined                                     no-undef
   67:10   warning  'createImg' is not defined                                no-undef
   68:3    warning  'gif2' is not defined                                     no-undef
   68:10   warning  'createImg' is not defined                                no-undef
   69:3    warning  'gif3' is not defined                                     no-undef
   69:10   warning  'createImg' is not defined                                no-undef
   70:3    warning  'gif4' is not defined                                     no-undef
   70:10   warning  'createImg' is not defined                                no-undef
   72:3    warning  'gif1' is not defined                                     no-undef
   73:3    warning  'gif2' is not defined                                     no-undef
   74:3    warning  'gif3' is not defined                                     no-undef
   75:3    warning  'gif4' is not defined                                     no-undef
   78:3    warning  'gif1' is not defined                                     no-undef
   79:3    warning  'gif2' is not defined                                     no-undef
   80:3    warning  'gif3' is not defined                                     no-undef
   81:3    warning  'gif4' is not defined                                     no-undef
   84:10   warning  'setup' is defined but never used                         no-unused-vars
   86:14   warning  'createCanvas' is not defined                             no-undef
   88:3    warning  'gif1' is not defined                                     no-undef
   89:3    warning  'gif2' is not defined                                     no-undef
   90:3    warning  'gif3' is not defined                                     no-undef
   91:3    warning  'gif4' is not defined                                     no-undef
   96:16   warning  'img3y' is not defined                                    no-undef
   96:29   warning  'img3w' is not defined                                    no-undef
  100:3    warning  'gif1' is not defined                                     no-undef
  103:3    warning  'gif1' is not defined                                     no-undef
  104:3    warning  'gif2' is not defined                                     no-undef
  105:3    warning  'gif3' is not defined                                     no-undef
  106:3    warning  'gif4' is not defined                                     no-undef
  114:16   warning  'createVector' is not defined                             no-undef
  122:18   warning  'createVector' is not defined                             no-undef
  122:38   warning  'img3y' is not defined                                    no-undef
  131:10   warning  'draw' is defined but never used                          no-unused-vars
  131:43   warning  'mouseX' is not defined                                   no-undef
  131:67   warning  'mouseY' is not defined                                   no-undef
  133:3    warning  'background' is not defined                               no-undef
  141:3    warning  'push' is not defined                                     no-undef
  143:5    warning  'tint' is not defined                                     no-undef
  145:3    warning  'image' is not defined                                    no-undef
  145:9    warning  'liquid' is not defined                                   no-undef
  148:3    warning  'pop' is not defined                                      no-undef
  149:3    warning  'image' is not defined                                    no-undef
  149:9    warning  'frontflask' is not defined                               no-undef
  150:3    warning  'image' is not defined                                    no-undef
  150:9    warning  'Coolent' is not defined                                  no-undef
  155:7    warning  'millis' is not defined                                   no-undef
  157:5    warning  'image' is not defined                                    no-undef
  157:11   warning  'nextimg' is not defined                                  no-undef
  167:5    warning  'noStroke' is not defined                                 no-undef
  168:5    warning  'rect' is not defined                                     no-undef
  169:5    warning  'fill' is not defined                                     no-undef
  196:5    warning  'image' is not defined                                    no-undef
  196:11   warning  'image3' is not defined                                   no-undef
  196:55   warning  'img3w' is not defined                                    no-undef
  217:5    warning  'image' is not defined                                    no-undef
  217:11   warning  'image3' is not defined                                   no-undef
  217:55   warning  'img3w' is not defined                                    no-undef
  224:7    warning  'img3y' is not defined                                    no-undef
  228:7    warning  'gif3' is not defined                                     no-undef
  245:5    warning  'image' is not defined                                    no-undef
  245:11   warning  'image3' is not defined                                   no-undef
  245:55   warning  'img3w' is not defined                                    no-undef
  267:5    warning  'image' is not defined                                    no-undef
  267:11   warning  'image3' is not defined                                   no-undef
  267:55   warning  'img3w' is not defined                                    no-undef
  277:7    warning  'img3y' is not defined                                    no-undef
  281:7    warning  'gif4' is not defined                                     no-undef
  288:7    warning  'image' is not defined                                    no-undef
  288:13   warning  'image3' is not defined                                   no-undef
  288:53   warning  'img3w' is not defined                                    no-undef
  292:7    warning  'image' is not defined                                    no-undef
  292:13   warning  'image3' is not defined                                   no-undef
  292:51   warning  'img3w' is not defined                                    no-undef
  299:3    warning  'image' is not defined                                    no-undef
  300:3    warning  'image' is not defined                                    no-undef
  300:9    warning  'Coolent' is not defined                                  no-undef
  312:5    warning  'image' is not defined                                    no-undef
  312:11   warning  'img' is not defined                                      no-undef
  333:5    warning  'image' is not defined                                    no-undef
  333:11   warning  'img' is not defined                                      no-undef
  343:7    warning  'gif2' is not defined                                     no-undef
  350:5    warning  'image' is not defined                                    no-undef
  350:11   warning  'img' is not defined                                      no-undef
  360:10   warning  'mousePressed' is defined but never used                  no-unused-vars
  362:7    warning  'mouseX' is not defined                                   no-undef
  362:37   warning  'mouseX' is not defined                                   no-undef
  362:63   warning  'mouseY' is not defined                                   no-undef
  362:93   warning  'mouseY' is not defined                                   no-undef
  368:7    warning  'mouseX' is not defined                                   no-undef
  368:24   warning  'img3w' is not defined                                    no-undef
  368:37   warning  'mouseX' is not defined                                   no-undef
  368:54   warning  'img3w' is not defined                                    no-undef
  368:63   warning  'mouseY' is not defined                                   no-undef
  368:72   warning  'img3y' is not defined                                    no-undef
  368:93   warning  'mouseY' is not defined                                   no-undef
  368:102  warning  'img3y' is not defined                                    no-undef
  373:7    warning  'mouseX' is not defined                                   no-undef
  373:35   warning  'mouseX' is not defined                                   no-undef
  373:59   warning  'mouseY' is not defined                                   no-undef
  373:87   warning  'mouseY' is not defined                                   no-undef
  379:3    warning  'gif1' is not defined                                     no-undef
  383:16   warning  'createVector' is not defined                             no-undef
  384:17   warning  'createVector' is not defined                             no-undef
  392:3    warning  'gif2' is not defined                                     no-undef
  397:18   warning  'createVector' is not defined                             no-undef
  398:19   warning  'createVector' is not defined                             no-undef
  404:5    warning  'gif3' is not defined                                     no-undef
  410:19   warning  'createVector' is not defined                             no-undef
  411:20   warning  'createVector' is not defined                             no-undef
  416:5    warning  'gif4' is not defined                                     no-undef

/home/runner/work/exp-ferrous-ammonium-strength-iitr/exp-ferrous-ammonium-strength-iitr/experiment/simulation/js/js3'.js
    7:5   warning  'equivalencePointVolume' is defined but never used      no-unused-vars
    8:5   warning  'titrationFinished' is assigned a value but never used  no-unused-vars
   28:5   warning  'croppedImg' is defined but never used                  no-unused-vars
   29:5   warning  'gifImage' is defined but never used                    no-unused-vars
   42:5   warning  'ex2one' is assigned a value but never used             no-unused-vars
   43:5   warning  'exone' is assigned a value but never used              no-unused-vars
   46:3   warning  Unnecessary semicolon                                   no-extra-semi
   54:5   warning  'waterlevel' is assigned a value but never used         no-unused-vars
   66:5   warning  'shownext' is assigned a value but never used           no-unused-vars
   67:5   warning  'blinking' is assigned a value but never used           no-unused-vars
   68:5   warning  'blinkInterval' is assigned a value but never used      no-unused-vars
   76:10  warning  'preload' is defined but never used                     no-unused-vars
   77:15  warning  'loadImage' is not defined                              no-undef
   78:16  warning  'loadImage' is not defined                              no-undef
   79:14  warning  'loadImage' is not defined                              no-undef
   80:15  warning  'loadImage' is not defined                              no-undef
   83:21  warning  'loadImage' is not defined                              no-undef
  105:15  warning  'select' is not defined                                 no-undef
  108:6   warning  'windowWidth' is not defined                            no-undef
  114:12  warning  'createCanvas' is not defined                           no-undef
  122:3   warning  'background' is not defined                             no-undef
  124:3   warning  'slider1' is not defined                                no-undef
  124:13  warning  'select' is not defined                                 no-undef
  125:3   warning  'slider2' is not defined                                no-undef
  125:13  warning  'select' is not defined                                 no-undef
  126:3   warning  'slider3' is not defined                                no-undef
  126:13  warning  'select' is not defined                                 no-undef
  128:3   warning  'slider1' is not defined                                no-undef
  129:3   warning  'slider2' is not defined                                no-undef
  130:3   warning  'slider3' is not defined                                no-undef
  133:23  warning  'slider2' is not defined                                no-undef
  134:20  warning  'slider3' is not defined                                no-undef
  136:24  warning  'color' is not defined                                  no-undef
  140:12  warning  'width' is not defined                                  no-undef
  141:12  warning  'height' is not defined                                 no-undef
  148:16  warning  'color' is not defined                                  no-undef
  149:17  warning  'color' is not defined                                  no-undef
  181:10  warning  'draw' is defined but never used                        no-unused-vars
  183:3   warning  'frameRate' is not defined                              no-undef
  186:12  warning  'slider1' is not defined                                no-undef
  187:3   warning  'background' is not defined                             no-undef
  191:5   warning  'noStroke' is not defined                               no-undef
  192:5   warning  'fill' is not defined                                   no-undef
  193:5   warning  'rect' is not defined                                   no-undef
  193:10  warning  'width' is not defined                                  no-undef
  193:68  warning  'random' is not defined                                 no-undef
  193:85  warning  'random' is not defined                                 no-undef
  197:6   warning  'slider3' is not defined                                no-undef
  198:24  warning  'slider3' is not defined                                no-undef
  223:3   warning  'noStroke' is not defined                               no-undef
  224:3   warning  'fill' is not defined                                   no-undef
  226:3   warning  'rect' is not defined                                   no-undef
  226:8   warning  'width' is not defined                                  no-undef
  227:3   warning  'push' is not defined                                   no-undef
  229:3   warning  'image' is not defined                                  no-undef
  229:20  warning  'width' is not defined                                  no-undef
  230:3   warning  'noStroke' is not defined                               no-undef
  231:3   warning  'pop' is not defined                                    no-undef
  233:5   warning  'noStroke' is not defined                               no-undef
  234:5   warning  'fill' is not defined                                   no-undef
  248:5   warning  'image' is not defined                                  no-undef
  249:5   warning  'image' is not defined                                  no-undef
  257:5   warning  'push' is not defined                                   no-undef
  258:5   warning  'tint' is not defined                                   no-undef
  261:7   warning  'image' is not defined                                  no-undef
  264:7   warning  'image' is not defined                                  no-undef
  268:5   warning  'pop' is not defined                                    no-undef
  291:35  warning  'floor' is not defined                                  no-undef
  309:10  warning  'mousePressed' is defined but never used                no-unused-vars
  312:20  warning  'dist' is not defined                                   no-undef
  312:25  warning  'mouseX' is not defined                                 no-undef
  312:33  warning  'mouseY' is not defined                                 no-undef
  318:19  warning  'dist' is not defined                                   no-undef
  318:24  warning  'mouseX' is not defined                                 no-undef
  318:32  warning  'mouseY' is not defined                                 no-undef
  324:7   warning  'mouseX' is not defined                                 no-undef
  324:35  warning  'mouseX' is not defined                                 no-undef
  324:59  warning  'mouseY' is not defined                                 no-undef
  324:87  warning  'mouseY' is not defined                                 no-undef
  325:5   warning  'nextpressed' is not defined                            no-undef
  329:10  warning  'mouseReleased' is defined but never used               no-unused-vars
  336:10  warning  'changeArrowStyleToPointer' is defined but never used   no-unused-vars
  337:3   warning  'nextButton' is not defined                             no-undef
  380:31  warning  'sin' is not defined                                    no-undef
  381:3   warning  'push' is not defined                                   no-undef
  385:3   warning  'translate' is not defined                              no-undef
  385:13  warning  'width' is not defined                                  no-undef
  386:3   warning  'rotate' is not defined                                 no-undef
  386:10  warning  'radians' is not defined                                no-undef
  387:3   warning  'image' is not defined                                  no-undef
  387:30  warning  'width' is not defined                                  no-undef
  397:3   warning  'push' is not defined                                   no-undef
  398:3   warning  'tint' is not defined                                   no-undef
  401:5   warning  'image' is not defined                                  no-undef
  401:23  warning  'width' is not defined                                  no-undef
  404:5   warning  'image' is not defined                                  no-undef
  404:31  warning  'width' is not defined                                  no-undef
  408:3   warning  'pop' is not defined                                    no-undef
  409:3   warning  'image' is not defined                                  no-undef
  409:28  warning  'width' is not defined                                  no-undef
  410:3   warning  'pop' is not defined                                    no-undef
  434:23  warning  'slider2' is not defined                                no-undef
  435:20  warning  'slider3' is not defined                                no-undef
  444:23  warning  'random' is not defined                                 no-undef
  452:3   warning  'slider2' is not defined                                no-undef
  453:3   warning  'slider3' is not defined                                no-undef
  463:26  warning  'random' is not defined                                 no-undef
  464:27  warning  'random' is not defined                                 no-undef
  465:3   warning  'frameRate' is not defined                              no-undef
  466:3   warning  'fill' is not defined                                   no-undef
  467:3   warning  'noStroke' is not defined                               no-undef
  468:33  warning  'random' is not defined                                 no-undef
  474:28  warning  'random' is not defined                                 no-undef
  475:29  warning  'random' is not defined                                 no-undef
  477:5   warning  'ellipse' is not defined                                no-undef
  519:10  warning  'calculateN1' is defined but never used                 no-unused-vars

/home/runner/work/exp-ferrous-ammonium-strength-iitr/exp-ferrous-ammonium-strength-iitr/experiment/simulation/js/js3.js
    7:5   warning  'equivalencePointVolume' is defined but never used      no-unused-vars
    8:5   warning  'titrationFinished' is assigned a value but never used  no-unused-vars
   28:5   warning  'croppedImg' is defined but never used                  no-unused-vars
   29:5   warning  'gifImage' is defined but never used                    no-unused-vars
   42:5   warning  'ex2one' is assigned a value but never used             no-unused-vars
   43:5   warning  'exone' is assigned a value but never used              no-unused-vars
   46:3   warning  Unnecessary semicolon                                   no-extra-semi
   54:5   warning  'waterlevel' is assigned a value but never used         no-unused-vars
   67:5   warning  'blinking' is assigned a value but never used           no-unused-vars
   74:10  warning  'preload' is defined but never used                     no-unused-vars
   75:15  warning  'loadImage' is not defined                              no-undef
   76:16  warning  'loadImage' is not defined                              no-undef
   77:14  warning  'loadImage' is not defined                              no-undef
   78:15  warning  'loadImage' is not defined                              no-undef
   80:1   warning  'nextimg' is not defined                                no-undef
   80:11  warning  'loadImage' is not defined                              no-undef
   81:21  warning  'loadImage' is not defined                              no-undef
  102:15  warning  'select' is not defined                                 no-undef
  105:6   warning  'windowWidth' is not defined                            no-undef
  111:12  warning  'createCanvas' is not defined                           no-undef
  119:3   warning  'background' is not defined                             no-undef
  121:3   warning  'slider1' is not defined                                no-undef
  121:13  warning  'select' is not defined                                 no-undef
  122:3   warning  'slider2' is not defined                                no-undef
  122:13  warning  'select' is not defined                                 no-undef
  123:3   warning  'slider3' is not defined                                no-undef
  123:13  warning  'select' is not defined                                 no-undef
  125:3   warning  'slider1' is not defined                                no-undef
  126:3   warning  'slider2' is not defined                                no-undef
  127:3   warning  'slider3' is not defined                                no-undef
  130:23  warning  'slider2' is not defined                                no-undef
  131:20  warning  'slider3' is not defined                                no-undef
  133:24  warning  'color' is not defined                                  no-undef
  137:12  warning  'width' is not defined                                  no-undef
  138:12  warning  'height' is not defined                                 no-undef
  145:16  warning  'color' is not defined                                  no-undef
  146:17  warning  'color' is not defined                                  no-undef
  175:23  warning  'slider2' is not defined                                no-undef
  176:20  warning  'slider3' is not defined                                no-undef
  181:10  warning  'draw' is defined but never used                        no-unused-vars
  183:3   warning  'frameRate' is not defined                              no-undef
  186:12  warning  'slider1' is not defined                                no-undef
  187:3   warning  'background' is not defined                             no-undef
  191:5   warning  'noStroke' is not defined                               no-undef
  192:5   warning  'fill' is not defined                                   no-undef
  193:5   warning  'rect' is not defined                                   no-undef
  193:10  warning  'width' is not defined                                  no-undef
  193:68  warning  'random' is not defined                                 no-undef
  193:85  warning  'random' is not defined                                 no-undef
  197:6   warning  'slider3' is not defined                                no-undef
  198:24  warning  'slider3' is not defined                                no-undef
  223:3   warning  'noStroke' is not defined                               no-undef
  224:3   warning  'fill' is not defined                                   no-undef
  226:3   warning  'rect' is not defined                                   no-undef
  226:8   warning  'width' is not defined                                  no-undef
  227:3   warning  'push' is not defined                                   no-undef
  229:3   warning  'image' is not defined                                  no-undef
  229:20  warning  'width' is not defined                                  no-undef
  230:3   warning  'noStroke' is not defined                               no-undef
  231:3   warning  'pop' is not defined                                    no-undef
  233:5   warning  'noStroke' is not defined                               no-undef
  234:5   warning  'fill' is not defined                                   no-undef
  248:5   warning  'image' is not defined                                  no-undef
  249:5   warning  'image' is not defined                                  no-undef
  257:5   warning  'push' is not defined                                   no-undef
  258:5   warning  'tint' is not defined                                   no-undef
  261:7   warning  'image' is not defined                                  no-undef
  264:7   warning  'image' is not defined                                  no-undef
  268:5   warning  'pop' is not defined                                    no-undef
  289:35  warning  'floor' is not defined                                  no-undef
  298:9   warning  'millis' is not defined                                 no-undef
  300:7   warning  'image' is not defined                                  no-undef
  300:13  warning  'nextimg' is not defined                                no-undef
  307:10  warning  'mousePressed' is defined but never used                no-unused-vars
  310:20  warning  'dist' is not defined                                   no-undef
  310:25  warning  'mouseX' is not defined                                 no-undef
  310:33  warning  'mouseY' is not defined                                 no-undef
  316:19  warning  'dist' is not defined                                   no-undef
  316:24  warning  'mouseX' is not defined                                 no-undef
  316:32  warning  'mouseY' is not defined                                 no-undef
  322:7   warning  'mouseX' is not defined                                 no-undef
  322:35  warning  'mouseX' is not defined                                 no-undef
  322:59  warning  'mouseY' is not defined                                 no-undef
  322:87  warning  'mouseY' is not defined                                 no-undef
  327:10  warning  'mouseReleased' is defined but never used               no-unused-vars
  334:10  warning  'changeArrowStyleToPointer' is defined but never used   no-unused-vars
  335:3   warning  'nextButton' is not defined                             no-undef
  374:31  warning  'sin' is not defined                                    no-undef
  375:3   warning  'push' is not defined                                   no-undef
  379:3   warning  'translate' is not defined                              no-undef
  379:13  warning  'width' is not defined                                  no-undef
  380:3   warning  'rotate' is not defined                                 no-undef
  380:10  warning  'radians' is not defined                                no-undef
  381:3   warning  'image' is not defined                                  no-undef
  381:30  warning  'width' is not defined                                  no-undef
  391:3   warning  'push' is not defined                                   no-undef
  392:3   warning  'tint' is not defined                                   no-undef
  395:5   warning  'image' is not defined                                  no-undef
  395:23  warning  'width' is not defined                                  no-undef
  398:5   warning  'image' is not defined                                  no-undef
  398:31  warning  'width' is not defined                                  no-undef
  402:3   warning  'pop' is not defined                                    no-undef
  403:3   warning  'image' is not defined                                  no-undef
  403:28  warning  'width' is not defined                                  no-undef
  404:3   warning  'pop' is not defined                                    no-undef
  429:23  warning  'slider2' is not defined                                no-undef
  430:20  warning  'slider3' is not defined                                no-undef
  439:23  warning  'random' is not defined                                 no-undef
  458:26  warning  'random' is not defined                                 no-undef
  459:27  warning  'random' is not defined                                 no-undef
  460:3   warning  'frameRate' is not defined                              no-undef
  461:3   warning  'fill' is not defined                                   no-undef
  462:3   warning  'noStroke' is not defined                               no-undef
  463:33  warning  'random' is not defined                                 no-undef
  469:28  warning  'random' is not defined                                 no-undef
  470:29  warning  'random' is not defined                                 no-undef
  472:5   warning  'ellipse' is not defined                                no-undef
  515:10  warning  'calculateN2' is defined but never used                 no-unused-vars

/home/runner/work/exp-ferrous-ammonium-strength-iitr/exp-ferrous-ammonium-strength-iitr/experiment/simulation/js/methyl_orange.js
   13:40   warning  'img3yimg3w' is defined but never used                    no-unused-vars
   18:5    warning  'animationInProgress' is assigned a value but never used  no-unused-vars
   23:5    warning  'gif' is defined but never used                           no-unused-vars
   24:5    warning  'blinking' is assigned a value but never used             no-unused-vars
   50:7    warning  'noStroke' is not defined                                 no-undef
   51:7    warning  'fill' is not defined                                     no-undef
   52:7    warning  'ellipse' is not defined                                  no-undef
   57:10   warning  'preload' is defined but never used                       no-unused-vars
   59:12   warning  'loadImage' is not defined                                no-undef
   60:12   warning  'loadImage' is not defined                                no-undef
   61:3    warning  'img' is not defined                                      no-undef
   61:9    warning  'loadImage' is not defined                                no-undef
   62:11   warning  'loadImage' is not defined                                no-undef
   63:3    warning  'image3' is not defined                                   no-undef
   63:12   warning  'loadImage' is not defined                                no-undef
   64:3    warning  'frontflask' is not defined                               no-undef
   64:16   warning  'loadImage' is not defined                                no-undef
   65:3    warning  'liquid' is not defined                                   no-undef
   65:12   warning  'loadImage' is not defined                                no-undef
   66:3    warning  'nextimg' is not defined                                  no-undef
   66:13   warning  'loadImage' is not defined                                no-undef
   67:3    warning  'gif1' is not defined                                     no-undef
   67:10   warning  'createImg' is not defined                                no-undef
   68:3    warning  'gif2' is not defined                                     no-undef
   68:10   warning  'createImg' is not defined                                no-undef
   69:3    warning  'gif3' is not defined                                     no-undef
   69:10   warning  'createImg' is not defined                                no-undef
   70:3    warning  'gif4' is not defined                                     no-undef
   70:10   warning  'createImg' is not defined                                no-undef
   72:3    warning  'gif1' is not defined                                     no-undef
   73:3    warning  'gif2' is not defined                                     no-undef
   74:3    warning  'gif3' is not defined                                     no-undef
   75:3    warning  'gif4' is not defined                                     no-undef
   78:3    warning  'gif1' is not defined                                     no-undef
   79:3    warning  'gif2' is not defined                                     no-undef
   80:3    warning  'gif3' is not defined                                     no-undef
   81:3    warning  'gif4' is not defined                                     no-undef
   84:10   warning  'setup' is defined but never used                         no-unused-vars
   86:14   warning  'createCanvas' is not defined                             no-undef
   88:3    warning  'gif1' is not defined                                     no-undef
   89:3    warning  'gif2' is not defined                                     no-undef
   90:3    warning  'gif3' is not defined                                     no-undef
   91:3    warning  'gif4' is not defined                                     no-undef
   96:16   warning  'img3y' is not defined                                    no-undef
   96:29   warning  'img3w' is not defined                                    no-undef
  100:3    warning  'gif1' is not defined                                     no-undef
  103:3    warning  'gif1' is not defined                                     no-undef
  104:3    warning  'gif2' is not defined                                     no-undef
  105:3    warning  'gif3' is not defined                                     no-undef
  106:3    warning  'gif4' is not defined                                     no-undef
  114:16   warning  'createVector' is not defined                             no-undef
  122:18   warning  'createVector' is not defined                             no-undef
  122:38   warning  'img3y' is not defined                                    no-undef
  131:10   warning  'draw' is defined but never used                          no-unused-vars
  131:43   warning  'mouseX' is not defined                                   no-undef
  131:67   warning  'mouseY' is not defined                                   no-undef
  133:3    warning  'background' is not defined                               no-undef
  141:3    warning  'push' is not defined                                     no-undef
  143:5    warning  'tint' is not defined                                     no-undef
  145:3    warning  'image' is not defined                                    no-undef
  145:9    warning  'liquid' is not defined                                   no-undef
  146:3    warning  'pop' is not defined                                      no-undef
  147:3    warning  'image' is not defined                                    no-undef
  147:9    warning  'frontflask' is not defined                               no-undef
  152:7    warning  'millis' is not defined                                   no-undef
  154:5    warning  'image' is not defined                                    no-undef
  154:11   warning  'nextimg' is not defined                                  no-undef
  164:5    warning  'noStroke' is not defined                                 no-undef
  165:5    warning  'rect' is not defined                                     no-undef
  166:5    warning  'fill' is not defined                                     no-undef
  193:5    warning  'image' is not defined                                    no-undef
  193:11   warning  'image3' is not defined                                   no-undef
  193:55   warning  'img3w' is not defined                                    no-undef
  214:5    warning  'image' is not defined                                    no-undef
  214:11   warning  'image3' is not defined                                   no-undef
  214:55   warning  'img3w' is not defined                                    no-undef
  221:7    warning  'img3y' is not defined                                    no-undef
  225:7    warning  'gif3' is not defined                                     no-undef
  242:5    warning  'image' is not defined                                    no-undef
  242:11   warning  'image3' is not defined                                   no-undef
  242:55   warning  'img3w' is not defined                                    no-undef
  264:5    warning  'image' is not defined                                    no-undef
  264:11   warning  'image3' is not defined                                   no-undef
  264:55   warning  'img3w' is not defined                                    no-undef
  274:7    warning  'img3y' is not defined                                    no-undef
  278:7    warning  'gif4' is not defined                                     no-undef
  285:7    warning  'image' is not defined                                    no-undef
  285:13   warning  'image3' is not defined                                   no-undef
  285:53   warning  'img3w' is not defined                                    no-undef
  289:7    warning  'image' is not defined                                    no-undef
  289:13   warning  'image3' is not defined                                   no-undef
  289:51   warning  'img3w' is not defined                                    no-undef
  296:3    warning  'image' is not defined                                    no-undef
  297:3    warning  'image' is not defined                                    no-undef
  309:5    warning  'image' is not defined                                    no-undef
  309:11   warning  'img' is not defined                                      no-undef
  330:5    warning  'image' is not defined                                    no-undef
  330:11   warning  'img' is not defined                                      no-undef
  340:7    warning  'gif2' is not defined                                     no-undef
  347:5    warning  'image' is not defined                                    no-undef
  347:11   warning  'img' is not defined                                      no-undef
  357:10   warning  'mousePressed' is defined but never used                  no-unused-vars
  359:7    warning  'mouseX' is not defined                                   no-undef
  359:37   warning  'mouseX' is not defined                                   no-undef
  359:63   warning  'mouseY' is not defined                                   no-undef
  359:93   warning  'mouseY' is not defined                                   no-undef
  365:7    warning  'mouseX' is not defined                                   no-undef
  365:24   warning  'img3w' is not defined                                    no-undef
  365:37   warning  'mouseX' is not defined                                   no-undef
  365:54   warning  'img3w' is not defined                                    no-undef
  365:63   warning  'mouseY' is not defined                                   no-undef
  365:72   warning  'img3y' is not defined                                    no-undef
  365:93   warning  'mouseY' is not defined                                   no-undef
  365:102  warning  'img3y' is not defined                                    no-undef
  370:7    warning  'mouseX' is not defined                                   no-undef
  370:35   warning  'mouseX' is not defined                                   no-undef
  370:59   warning  'mouseY' is not defined                                   no-undef
  370:87   warning  'mouseY' is not defined                                   no-undef
  376:3    warning  'gif1' is not defined                                     no-undef
  380:16   warning  'createVector' is not defined                             no-undef
  381:17   warning  'createVector' is not defined                             no-undef
  389:3    warning  'gif2' is not defined                                     no-undef
  394:18   warning  'createVector' is not defined                             no-undef
  395:19   warning  'createVector' is not defined                             no-undef
  401:5    warning  'gif3' is not defined                                     no-undef
  407:19   warning  'createVector' is not defined                             no-undef
  408:20   warning  'createVector' is not defined                             no-undef
  413:5    warning  'gif4' is not defined                                     no-undef

✖ 1100 problems (0 errors, 1100 warnings)
  0 errors and 4 warnings potentially fixable with the `--fix` option.

